B8C98727 B82F3A90 A2805326 A3DAE4AA 
620B3673 2F3D7128 5DEE3992 B80954FD 
4A7E8A3B 3DA9641B FFF0814E 5A9A210B 
A7D219CC A0B4DD85 9C003B8B 6709D897 
D468298C 34DAF87A 8A0D42BB B006D72C 
78CF2D39 28C15187 76B9B8FC 18E79D37 
1B9EC30F 2CAC4596 17458C7B 2C961530 
18E9BDED 26AD735D 7D35D5C9 83A9B7E2 
D2F2D852 2F9C68C0 FCC3536C 06939755 
1E622C19 E3DE978D 6FC6A52F 196D8044 
C1CC2895 040DCEAC 764E83E0 68F1A335 
00509FC1 90D444F8 D6818CC5 BDE90E47 
6CA9EA8C E5C21A8E 0583F4B8 D17BF182 
F644AABA 08104E60 76B88DD6 441773D6 
8877308F 9E330ED6 7C15EA90 8E776ABF 
48F31B20 BEDB780E 4899EE42 73D84010 
0D3A8913 3F72D591 762A6176 590D4064 
47CF38B3 0446C9C4 4506A4D5 26A49E56 
E9C72A35 F7D44CCA 9A9BAEE1 B4975CB1 
13781B1A 8E8A8B3B 69B0F043 6476C043 
1F5730D9 064BB995 94DD1C4E 3B4E1C95 
A5CA814C ABE5055D AF6D0233 3E30C1FA 
B554077A 1164AFD7 70326006 EC57EA58 
C8693D1C 0C1CFFD4 D9566BD8 04F2AB0F 
E595641F 81E47573 A23A8AFB 14AB8672 
F39A6F7C EA669016 BAABC5FB 34BD5498 
1FAA39CD 6F4FC146 401931C5 D6D22428 
3621A552 29011132 513B109A 743C7E45 
D838C376 E71B815A 50DBF4DB 509E2BF4 
CC3749C4 FCC1B75E C19A68A1 E7C2C383 
13A97DC0 3FD1924D 2DF7BFFA 025DDAB0 
9612766F 8EB0EADB C9014E59 81BD6FF3 
2CCB1AC9 1D2548FF 386B7020 B12B2D10 
55DE5202 78E54415 AC44E195 2B016D8E 
CC576855 FB31C7B9 7EBCE29C 3D400ED5 
2E4CB313 ED2DA40E BA869CEB 961CA42D 
591C1D77 F1884CDF 3F058746 95EDCF6D 
A681BE8D CE7D9F8A C283FADC CC79A130 
A01C072F 8CDF3787 59E14DF1 9B1E13DB 
A803AC3E F18A1911 EDE57978 21300367 
E3D031D6 A78D7367 FF86F505 D138416A 
8D193881 0CD3A5F3 309F3365 9C61DD1B 
942FF8E6 76AFCE7F A233BFED 6F04DDCD 
19E5AA0F B9991F04 827D2933 C3FDC256 
BD8906DE B624E866 31A4B6E9 68034EF7 
9F4EE817 237EAC07 21827991 266B3A54 
1288CA3A E5243FFE E52DF3E3 7B2D1EE8 
221A7088 D1C3C2F4 5C016163 69144B21 
EE04DB36 3F115E2E DE9EF586 02A8ABFF 
6E67948E 9C776870 19172F8A 53BB9EE6 
3D88E636 77C51F2B 14C74CB0 E5A5C9CF 
A925F586 56964CE8 371B220D 223216D1 
47DB80EA A39CF86A 63488FE0 82EE5DF6 
AB4246ED 4990EF92 F387B967 384D97A9 
E7A43E1D D74D4BC9 B893E54F 1AE87AC8 
96E6FDD1 6A8B30A3 61DB8214 E6ACE4DE 
14F8B4BA FEAF2BF9 1F8BF222 3E5323E3 
D96C4462 2006E7E1 E89C8C10 C9D33BB0 
F2E06EA7 7B5C5508 122E03FB 1CE6A225 
C94F2502 9A7E7F20 8763E4D2 62B3A806 
54696F39 07956160 B53AFB4E ECAFB350 
1356087A 3E3DB520 2EC52A87 D45FC3A0 
70686B02 945F3120 247FCD5D D44D435C 
767A24E6 D31FE57B A26540BF 3152DB44 
A5BBD685 8B6DAD17 920418E7 89F1A9A8 
D9067FCF 925396DC 0388402E 7D1BC2C5 
23476A01 510B58CD B45A813C FD193FEA 
DAF433BA FC0E9EAE AEF80B58 171A46A4 
8B518C73 E20CA15E B0DA116A 9725F7CC 
1D070F04 E38E882E B7078ACD F9C9B04C 
8DD1BAB6 894D1098 EBF2A4F1 CBEA963E 
1D855105 16245EAF D0F42B99 8E90AB85 
243BC22B EE6EF359 1ADC2536 FC80F1E7 
1F44BAF6 9812DFDE 2FBFEBB8 21B4D9C0 
7A7BC76B BA1969A1 6469640C 1E1DCD49 
41AA68EA C12C2023 BC7259D3 C99C7FE2 
4847418E 4B238633 B126FB71 6114AB12 
85401D79 CB6C6EB0 6F364251 1BD8C009 
670790D9 1891D0FA 7087DA22 322A117A 
8E10E0B9 7EF4C618 F830618D 6D1C915A 
2274456B 065E484B 8C9E818E 68579719 
22DF3651 7E7911AC 3BDABFDF 62A2CB86 
3D9948EA 919704E8 B66D8F8D 8D57FB16 
8C68FA45 AAB663CA D758A208 333321C2 
B082A47B 5767BB97 0884CFE5 44DB5415 
A98DDAF8 88D04B58 76C579A7 438E05C4 
9F270EFB 833E1E31 DEB30B87 5199E3C5 
63C84CB9 6CDDFDD8 3DB1CE97 FC18097F 
9FB61AAD 161B3D18 508799AE D0E27CBC 
A9FC143E 7CDF531A 274FBDFC 85B726C4 
D12D865C 82DEE606 0ADA30A8 B446B69E 
A79A73D5 B8242899 69A73F8D 16742CA7 
FFDA8A34 F79B8600 B578571C 95BA8A1E 
9B5A4FC6 D5A4F79A 3C133DB9 0EB35665 
60F9C132 E8734A8A AA0DA7A5 7EE3F9FA 
BF0324AE B74C7B37 F0E8407F 1C0C6966 
7060714D EAD0ACD0 57DF205B 33705D2A 
4C39D725 BC1E1F6F DD420172 91259C07 
F76CBFC6 16B9AD64 6FFB42DD EC401387 
104CCF3E DD867317 F92A6164 D25BB303 
2B0F9373 89BBF2A8 F4AA83A7 74B35854 
D27C13DA 84DD22EA 39A95FEF 5447F0C0 
A3475ECB E13F7280 62444163 300A301A 
B6F51C4C EB9EFADD 5DFA207E 82B0CCFD 
DA0FF7D4 F380211C 4E9E2B92 7A9429D7 
DB6E7373 5C8BB923 067997E2 E2A9D3E7 
A8976C03 7165C669 817407C1 DD798E72 
468067E0 E5114ED0 C7E61BA9 220F478B 
E2EBC113 7FA9C917 AD122F4B 6D28BF85 
E5669437 3A941420 F4757830 81C81060 
AAB3E26F 39A3B63F 2471F350 516E8FB4 
02345F24 3FBA894E 800C7D17 C6C8B03D 
B4B83E2C 40E26EB1 89C29AC7 0AF4A03E 
8591A376 2E295BC3 AD713712 1B720D30 
552F9933 AE7B2E8A 2A8C4E0B 67694F92 
CCAEE602 07A5CBAE DE380846 288AF187 
8721B0EE 8167FFD4 7BD35D19 569DB0E1 
9159A568 42078A2A D87D9A5E F74316EA 
559EA9A9 19F1716C D2714647 FCA4DA1D 
A6978474 0DDDF326 F4C01E83 9084022B 
89D544D8 1D5AF0B1 8325C1E7 B6FA9CB0 
D04C7D01 FD8CE8BD DEE9A0FC 032603D5 
76956368 F1195363 AFA45F7D 73BC91E5 
EE4EBC23 D888A06F 7BE32B5A 5CB1EDBC 
4BE00588 ACF5FEF5 8976DD5A DF9992E8 
A13517C4 0B779913 53D76EA0 7A25F240 
A3CF494C 7CF3996E D860232A 1521B0E0 
156C7D7D 0AB4A5E8 69EF77E3 C24D1D72 
D0D25FE9 5F347CBA 4647AAAF 845DF183 
A8CBCE34 E7240794 B47D976B 6A645882 
6AC946D7 8474D65E E20EF3D9 4CDDA5F7 
92CCB4CF 13B0B1E2 C753396B 9E5E22EF 
71CE7574 F6A7CEDE F214EEC7 CC91A619 
B607E157 7EFBB83F 17C21388 CAF8C921 
5988EBE1 23A7310C 0EE7A9FF 353420D2 
FAAA6678 BDC2021A 1B8129BF 1065D184 
ABABC22E 333CCA7D EDC16421 3489B478 
B12FE962 3160FCBE 33875366 DD021A95 
2C53E283 0C71524D 5FA2AA61 4E746ABB 
6F843C5C 50604A68 6FA92859 CEFE702A 
C9DD8F02 F9D9F9C0 CFA29D51 20E0D9F4 
E43387B4 AD16A081 759ACCAB 422FF806 
294E567C 6F65575D F1234CB9 C7746EA8 
52BC69AF A9F26DAC A91913EE 70D60689 
FF87AA81 EFA4FAC5 8B92B92B 3593AFAB 
616D0D62 1A0C2B94 F6C9F182 9EBE52BA 
9EE28864 3327E2DD EF4A025C 8ABBA4B7 
98084AA6 CE1501EE 44719A28 8CF152DB 
96DA8BC6 C6CA8623 5FC90708 470484CA 
00E615DD 6428319D 89AA6EC2 F65D3D90 
498A9ECF DB158819 53DB68D3 2775E28E 
2E56A839 01A531DE 3694EC4B BA002DF5 
3CFD8D41 69FE62D3 680B5437 F14E2CF6 
3475082F 20625CCD E09926A7 CFDFB42E 
0AFA4832 DD032465 66CF0CEA 7A07ED2A 
F082FBD8 1A11A892 099AA942 B9DC9457 
EADA739B E86E8C86 64F39AD1 2AFBFEC7 
B4A336AE E9340CA4 299FEE7A 8A991002 
AD02F686 27D8F2A4 587E105E 3CCC614A 
F0CB891C FE6E1887 5EFF345D 22AE37B0 
BFA17C70 78496F36 F1D38ABB 38CF3C18 
251FB7AE 0F989836 683CA75E A90EB11B 
F7758B66 7F882B33 4148F03A 11091081 
E69B9FED 85C70AAA F721AAFA 40A3A6CD 
E9EC2C0B 2C9A6831 5AE38F09 AAF7FD10 
75B9C575 2E6E5C30 B8DD7E4C 28DC8254 
AEE76A03 4F952824 929B4A4E 6AE128DA 
29270C98 509A1889 BFCCF7A0 A42D8624 
F3E585A6 EC837364 4D9692FD D544DD39 
CC112401 60CBF919 257C30E2 B89F2416 
830C5266 E56E5E22 3F60A13C 27FA8418 
DD69A553 904B6E08 997CAAA4 4EBFF12F 
A143765C E653990A C25A70AC 0351ED29 
A5F8213B 90720D06 868078AF 2A06AFE1 
3175F975 488A53FC F538ED52 75661A81 
CA08C0CA 3A5CD236 0445932C 92AD30C8 
EF823945 182B7FB9 531087DD D4D3CE75 
13F3088D A07122C1 F5319C38 599AD103 
A7F11B27 556DD31B 677DE02C A88583B6 
9C866CA6 58ED8BE7 D6DD3155 FA044478 
33A8658F 584E9FF8 E8B0E54F CA6A8F96 
D7FC1CC2 45DEE6B6 2858D1B2 B08E876D 
22C11A61 DD1EE3DE E64A374A 873B847F 
2B9E293C 15E9E5BB DF7BF313 AEBD6BD3 
211E7770 60401A8B 1EBE1537 A81AA49A 
347EBB61 9464E9E1 FF5900CF 6B6625BB 
90FC65C1 45E3135B ADA78A7A 5A6AD7E6 
D05DB97E 779F1F3A F4287738 C44196A6 
4737BE3E 27BC6C9F AC729890 E33940FA 
1374D30E 17DEB0CA CA38BAF6 570EBB5C 
B921A078 C91A0353 BA4D469C BC4C6814 
20C83891 6FFB66F6 0F45D874 B18714EE 
99B82C72 DFC86371 A84ED0CC CADC7F66 
1E0494E7 9868FB94 9EA585E9 03461F23 
C103CB9B 08295307 740551F4 80FA0CD6 
572E7B6A 710B50B3 3FB44AB5 7210CC9D 
2FB54F2D 0CD6FCB4 C1C112F1 720D02DC 
5F03FF36 5962E25F A0B4C3E5 0DB419D1 
5F420C5E 9E40A14B E3ECAF65 75320A4A 
3177EC19 E2536815 DFB0F5BD FB510A11 
F2DCF7BF 7D76EAB7 4A90A0F8 801CEEB5 
3DAF0DF5 C1B102E0 4A72792B 85B1A4CD 
CAC86DFA D1EFBD42 50A187EF 0E03CE74 
48188A79 0991FB95 46694E25 7EE423D6 
083D6816 C6274124 DF58D2B8 9CB9203F 
FCE11304 A8C1ABBC CA6EC002 0EC3DA86 
9F27D402 D745872C C9ED1B4E AF0C6855 
EE852AE2 B51A52D0 1F1BF2D0 AE8A0808 
AFDA92BF A51577E7 17785185 6A7FC3AC 
8BA29B75 F609A88D 0C3318F0 D80AA1BA 
E702110A 9C5CBC89 32AD155B 11100DE3 
89D9447F 3126F9B6 A544EADA A35E89F5 
0EA26073 F91D029B 1B2BDC0B 2AB106C0 
266CAEB4 F4E67806 159B2923 C60BBCB3 
B35D0566 899578AC 8B27513D 12D7BC9B 
2F5B396B 501A7C95 A1F3D98A 3763E47C 
B134374B 81DB4340 462F0559 4B097662 
C7B42C04 1930A047 20377180 F3BD714D 
24D089A1 A9FCB9F2 F6754488 809F6327 
EED1E5BB 5B4F12D9 C238A90F DC1649A6 
6C4E8CBA 7B39C26A 3CE1750C EB92CD07 
1F68D290 F7FF4BF5 02D06C90 50702E9F 
69642FE1 E01FDFA1 A6738091 A91F466A 
BB21BAB3 DCC6A3AA 010F1951 89D65F13 
6B8F27E2 FD9F7650 068FFC51 A9B5F227 
2A27536D FBF93D34 FB3364FC 2D1DBCE7 
DD241092 7EEF52AC 409E56BD 188709B8 
416F6E8B 00F5B98C 869ACCDE E20206C8 
A928CBEC EF356D37 EA34B432 CBADF91D 
BAB22F8C 4B1F9C8D 4AC212BA 44031087 
AA48CEE7 C99DCCF7 1BEC1519 DCB0CC17 
8D59895C A4623BDB 9DBD0FDE D9FA964F 
BDF9839D 093B79BC E28E3979 AF2D5F74 
9A5AB242 835FEC0A 25F0A8A9 A8C81A5B 
8C65F0E8 86E1E22D 131807A7 5A32B276 
08DE5848 DB6C2B04 FC135BD8 D9ECDCAB 
71B0A310 79F81F11 64641CB5 B0B57587 
74E67C9C 834E8F9C A244FDDC 13DC8C80 
FCC6C63C 1983CCB8 CBE7B219 47159718 
5A11BCAE 71D98E48 686C3E30 3D071CDF 
0B21DB4D 469EC893 4987D1EE 19555B1C 
713CEC15 88859E1D 948B1806 D274A180 
94A1D33E 9B5736C1 C7DB3DEA 5ADCF9FB 
AD1EEF9B 99427528 5600F372 0CBCE0AA 
23BC4E58 B9994B15 6C2473E7 016D327B 
534C4A0A B271D3AC 12E62696 767CF045 
92423A4B 0B09F7FD 6BD13BDE 06556A0B 
B0F9613A 2E9B1549 0C40FC88 549DC596 
89CF836C 315DA793 D9551243 FE045F15 
F189AE35 81B09AED 4D33CAE1 84722C04 
409294D1 2375EF37 3160FDC2 5CAB17C3 
6D0127A2 8BA71622 D379AA80 5D93E548 
DD4AA18D E7687653 4F65B204 82F7950F 
2244E7B9 D7980E0A 2C98636B 990DC045 
54354D68 1660F189 00CC308F 8BF7D5E5 
23E07C83 0B2E8629 A2E2774D C1FED0F9 
E09863DC A524A984 4F85300D 2539C155 
431C696C C4DE47A4 A8FD5870 8067F426 
338E57AA 7D357EA7 E9E17CF5 21E32307 
AFE21828 BA3B596C 7183A3D4 CC15011C 
28651DE2 83F16346 D8D73639 777DD2CE 
83805D92 6D94EE9E B026D0A3 4D4E34C5 
0031FDF2 520223A9 244A3781 33433320 
1D011BCF D326421A 515FB05A 6807A0BD 
EA65F27A 0D4C066B 68DA15D2 669C18DD 
A43568E7 02DA082A 210296E2 4E4328E8 
F81EA1CA 60F9110C E8748706 46C4AC18 
012921F7 6953827A 085D42A0 30349EB0 
0FEA8533 0D1B5C48 A7324B85 2237DD3B 
A715FC72 B7C38B80 77448121 30B78000 
2680A0E3 D523EF26 A7660C28 71CA4D61 
1AC2040B 4428FF31 88F9DF8D EBB6E4BF 
DBB1EB23 49ACF874 65BF8078 50AA5718 
B7C1B8AF 1F4E632B 57002C59 3D324960 
2667C86E B1709301 DA8F0EB7 EBFD3AB5 
1179169D 42D12F59 A0D3A5EE DC6C922B 
A8F6EFDB FBD1AEA0 9401B425 12C31C0E 
000B7D57 4EFBEE0C E003330B A3FEADD4 
8BC05412 D9FDC2CF 0DD660AA D249CE24 
CFE7D328 4EB9583D 90E707C9 83DEAB78 
CF6C1530 0536A5DC 04FE9806 C8AAA594 
C297979B 9F919406 3197EFA7 A9E70AA4 
1705DC52 FD21DA64 D6D65BF6 A0B90273 
DCE7455C 716B5088 DC2E742A 03E9856F 
CB3EBF37 D0BEB664 97F112F0 9EF91C24 
9B99A539 85B48B45 DBEFD459 08241E20 
D8B92EBF E08E0B82 9971CA33 2449CBE8 
7807DA7F 7A686614 17DEA8F2 A9BB8B4E 
E1CBEC2B 666F5BAB 0BA740CB 6083B1A1 
B13ECA50 5DCB9E84 A00850C7 1188301F 
67614BF7 DB89AAD0 87BD170D F334CCA2 
E7DC8772 08903FCD 71B3FA0B 570DE075 
AFA9833B 678544A0 7A16EB51 235F54FD 
9D0E0ADB 10D68323 0269FC8A AC0AA030 
25C450E5 A748DD87 9979847B 972A0A8A 
D9E93809 1D3C5A94 28DC0669 51F44C6F 
B6D371BC 0DED8C9D D59AA88F 3AE7D58F 
56537795 318AC10E E673CA32 2581B0DF 
E9B5E930 0F48F6F0 AF6A4F7E CD03A91D 
A41C0FE4 33813248 C6E84CEC 1AB4C9A5 
D9EA471B C2BE718D BE1787D5 448A584E 
7E4E72CC 13CBBBBA 5E39CACA 7AE4C46E 
2240EA4D FC1C1FAD 71A49367 3EC0BAD8 
13F99EDF 6CC32694 3219A37D B4CF1A86 
9B986809 E16AB770 6B8F5689 3E22B5B7 
8354FCE1 351F3B08 FE388E6A 32861A41 
D1ADAF3E 1662D4B5 99A9BD24 32C2F27F 
333C5B8E 2889F485 F42E0403 25EEC3AA 
F4BEDD2E 4E340F90 CAAEE365 2B729B15 
8553EFE4 5B530876 12D5DF17 BC054ADE 
06A03332 75D1DF5F D26A30EE 9CF88841 
61F7E902 51C83265 DF4E4603 31B05DAE 
25041CDA 78D0B058 973AE1BD A22F55D6 
3CC4BD43 DFB95AAC 1529CB38 4994438F 
46376148 AF45A2F5 CD914595 DEAFD057 
E2B2C74C 124E5939 C62704F8 884AB2C8 
45A3F916 23720E8E 77C52614 0D245ABE 
42FAA8FE D67CBE01 485B6955 DCFC18FD 
55D10CAF 2FC893D8 53767495 B56B7CCB 
6B136A89 302F1D87 C10EC9D9 7D98BC12 
5CD44AC0 92ED16AC 1CED0BB1 9F07691D 
C4A4E19F F541BAB6 6915731B B6F5FAC8 
2AF92679 3FFB8C80 7D27605A 22149BD8 
B713E2B4 9242E1D8 FD756312 D97EBAA2 
8D1E2848 A06A50DA 9AA3DEEC 1046B769 
338BE604 40D080F5 23DBB756 DB7BCF74 
2246623C 769ADAE5 644ADC7C 8ED21A7A 
1194EE2F 6E4652F8 7CAA75CB 6D07E46F 
83C860E7 9B1E90B0 A5F6A0AC 5E37265B 
37B4226B C7C0695C 73C859A2 0541353C 
B6A33F82 BE6F50E5 47D595FB 8A30402F 
CDE6CF9E 2F40DC23 5E1417EC 7EF55412 
6F749881 DB6F0FD4 C7F8305C 59E9D40D 
DA8F3F57 0E0EDCC2 092E2B75 450368AA 
37D79783 6AF7BFB6 9D1C6C65 BFD916D4 
C4AF44A4 618CF5D5 DD11851B EF9AC8D0 
C05EA07C B8E931C9 D3F8E7F3 D4881B16 
04E30EB1 B7921287 F7364A39 85222310 
A7C56AB9 5381E608 7D4B4583 54CBF563 
1AA47FED 5A5CB967 0B55B3ED C9F10816 
EE29653C FC30A9FB F5D396F1 F4A51419 
7B5C4588 94F08C79 EFB1B3CB BBDBF064 
2735ECBF 2C42A00D DCFD10C6 131040C9 
EED101B7 A7CBEB0D 59E1B83E EE406E3A 
45CECD1A 8E150774 86B90FBA AAB2E29E 
AE9EFBD9 81358DC1 7C68EF4A 7D99DCD9 
DAB8EF63 0F49DD44 D1E904EE 2B2CE9A3 
D2BFEFD0 BA411C4D D4AC8CB8 552B75C7 
7068B9EC D25AFE69 854BCC54 76CEDD5F 
703B1451 ABCD9FED 17D3D033 646888DA 
7CAA794B 0C53EC49 B3E7B853 99ADB0D8 
9967804F 6DAA6122 EC65D952 2687E608 
ADE32BE1 1E6B9C5E 0D2DD8EF FD527960 
9BCE545F 257BC1C2 FD9F7FA3 55058029 
EDB09BD2 7D808C25 E04FA176 47C4D6EA 
468EA550 9771D490 E6AE20E5 7D819FA7 
87F1F388 FA1C77DF 28ACA098 6021579E 
84CAB2ED 2F772986 35CB795D 72966ECB 
CA45324F FD6F52EC 8AC69FB4 A0D6AA6A 
59A5CA50 7D7B05BD 72EA16F7 EA2246C0 
1B528B89 B1C419AC 3ADDFC96 FCF78EE0 
CAA9B692 840949B4 87577FF1 D08224A6 
B0DAF060 047DDE7C C0A0BFFD F2AE8859 
65791525 22CC9106 B3A1C28C 104BB0E3 
BA4FF711 5AF7E908 1BFCB1F3 C00D374B 
39E54BCE 8FC331B9 E1E430FF F6CCF6BC 
F7DC5BEB BEDF820D BAAE8844 FBAE5158 
DCD3D51D 1C480083 D6AC4FD3 B426E8AE 
9260FD33 356838B4 90333B22 5245780D 
FBBE3A60 117AFD53 96BFB74C 39670464 
8CDD290F 5A66E5AB A4556A35 BCC96E84 
E6CE1B10 511B6CA2 DEF45CCC 395ED9CD 
E5CF173F 8ADD5E9E D5AEF014 B12A70EB 
72C2659A 53678B28 7B162856 71762CC0 
D74EA98C E80FB1E5 F48A995F 05A47E3C 
ABCA83E3 2B0025E8 7B07640E 9D1397A4 
DA261B2C C57A4AE0 58CD635E A3B58076 
02221CF0 06F4AD04 BB3A19A6 A8F7B329 
4F091A32 7F58754F D7E38E7F D4D32948 
02CB82E1 30A40DF6 7CB8ED8D 16695E4F 
74D08D8E 1785D0DC 35D6AD26 DAEDEB11 
A12E73A5 25B1B654 A1612964 DDC7432F 
897D6711 7EDAA2E5 90BBD8FC D8EA90DC 
579F1420 7A008B94 80251357 DCB5ABED 
6BC5B8DC 75FA26A5 BCE7EF43 1FAD2E9E 
4B6229C2 18855BEF 96E6C228 4A036F6B 
C8D8C746 F58CDF3D 443D1FE0 6FF02A99 
730E89A4 637CC6E9 8E72E580 43EF96CC 
C259C57B 5582AC90 CE25369D 5F3D8CB9 
DFA8ACD1 24001FE8 0CE92078 60C2CDDE 
440F3A4C 87F7F5C1 6BADCC1E B9F3313F 
6E3B8A84 432CE828 C332FDBB 3656F811 
91C98F89 7AD051A2 E5D221D2 20E7D2B6 
AF034156 7296CC2D F77FD3FE C4F28E1F 
7FE4C78B BD78CCC3 11E3E632 60795A4B 
E22F4161 3FAC0857 E8A184A0 C470368F 
570ECC44 3266642A 376644E2 1554F3BA 
2894A15B 8C5A605D 99CFA618 83164C4B 
8491F723 E1A4137B 2A7AC2AD 22095284 
B2E87969 A4BFC7CC DD9AC127 D1FF2033 
9A959CA7 3765CA42 EB678BCA DA8BAE7A 
388B7BE6 1CF59F26 E65F7813 C4AA0C12 
4D8D2805 0AA342D6 67CB47A8 B6F7112C 
A50C22AF E3DDD6B0 6003E02D 8989BFC4 
44E0CFE1 0FECB21F 237FD05D E471A226 
90B476AA 1B8DAB34 861B410B 42F5E6A6 
9427AC3F 75EC54C9 EDA49565 8278B6D9 
673E45B0 41051D7A CBA9C9A4 FA814593 
92FC9CFA 1D34B728 8089AF21 C4248AA5 
8C01C2C9 D5035EE2 BE188ADC 16A6DCF0 
53E55E58 42913944 66C2D3CA A07E8AEB 
4BDF51E3 03593CD3 8EB619FD E155CC5B 
0AD5A12E CA73EBF3 F274DBA3 2669375F 
A18A4CE6 FD07A5F1 A00DE726 56C4A2AE 
63498341 0D40A66A C325AB8A 089F6C80 
39BE93D6 3DDDCA16 18A4C485 DD8A7244 
307BC635 03CD9A75 78249CF2 A66B884C 
D5BFF298 1F6189B5 05E64A6B 196C490E 
B04BFBB9 F99F1C0C F9B54CC7 16BB85EF 
39443794 2EA5536C 61A48E18 DD79E1CC 
FFB68B3F 2491C4D1 0804CC4F 787D27AB 
FE5418A0 6B8611CE E197B574 16F16C0C 
C36B3BD0 1AA3FE57 790D56ED 7008B033 
E4CA684F 26ABA640 94178BF8 02D50067 
913E99EE 36877DD7 0AC6A221 C73187CE 
62C7D0F9 25451948 90F187B3 00F781CE 
04B49BF8 EFF3D9B1 7ED8DFBA 5C571766 
B31DA9D3 7277396E CA4F4157 C606BFB3 
252B5B3C 55240F2A 808FE745 7687F627 
B77465D7 F4E24668 C81E07F1 B41B5E97 
902DC66F F2D79D74 FB1E16E8 2E50CBBF 
F9DCE5A7 70DB1885 C4F7D8AA B3C1B8F1 
0F2D363E C229BCDD 8EDCF856 0A187498 
754FEC22 ED3C8A1C 801CB467 A1DA9E7A 
688B74ED 67208F66 783368E0 8DB61304 
94BF98C9 D8434A1E 91DFF368 B5D7ABFF 
83501E32 87AB8531 9740459B 6A29B7DE 
46BC674A 06FE2C97 66368260 7D1986DE 
C6C26DAF 520FFF80 A2D34DE4 90936814 
35FFAAD3 7C6BD547 7A707E8F E7B660C8 
6233FC98 0E15C705 6FA18CE6 7881B2A4 
CB0D8B2A 1C1B278F 1CBB5F25 2784ECEC 
0B37A149 69D555B6 7CFFCC0B 70A4B490 
419FF636 93D20DA1 6D305314 98839230 
57B51549 22C5CD0D F5DAA3D1 A8A343A0 
9200DBC5 E7F9721D 501DD794 E256C7F7 
E55B68B3 BEE6AA0D 5D241138 20A43778 
FA7A2065 5412B7B5 76AE7213 7F2295A0 
E9E7A9DB BA81E648 45EC742D 98D646FC 
14968FA9 5B211BEF 6350A856 4A69A7DB 
5A2AA1B8 59D9B102 C16D391E B0BAE79A 
DA05449B BFA71E3D 63B0A4DE 114EB561 
844293BF 71DCE39B 77F6B7EE 9C727F20 
E0BD10D9 C8EA0A89 465099E6 3107BD0C 
F3276596 D9BD2B76 5A64EF55 947AEE3B 
CA063545 B700F9F9 B3E5E94D E47BE612 
F1B88C5A C3EBCE29 E342B1C2 35CE8240 
DA0F11B3 32C04880 6DADB9FD CAFEA6EE 
5D5C3074 97DF4CEF A8A6D252 C7BB9155 
7512F58E 29341BF6 477A1B4E 86B59F5C 
A38C4C8D 8A2245DE F03EFD14 5058A8DD 
B55105F6 B4292A3C 2D480731 FD9B92F9 
876098A0 94198DA3 158D4141 49A90B61 
03B163EE DB2A28C3 D8CE65E1 68FB7A4C 
CA69A7D7 4C6A3F94 E6C5C854 8F722829 
B7337BD7 F1DBCC2F CD516E2C A34991A5 
9BD7845F 1688C75B 7FB091C1 3CE93453 
8530D7D6 AE08B319 102A42B8 CA79271B 
3668BA67 7E2D521F 4A67C3CB 465AFC2D 
59E14394 A486D4F6 9AEC00A1 F516CADA 
A28A5081 B11F6542 78F37113 8656F7B7 
1F4CB167 DBA38478 240F1F32 8560120A 
1F06D8E9 B0E7C78F E6427583 91740C37 
D0C8FA73 3CFB1368 7D4E3103 C8402D99 
BD6FDCBF 77F24B03 06AF8A8F 6FCBAD56 
015B68A9 E0F094C4 5C05C9C6 9DC05BBF 
5E67591E 9D3627EA B4B61180 1ECAF5F9 
8F0E72D0 EED23D73 D1D06FBA D80A4711 
16C1A96D 7608C554 2AD32DF0 0F756C5C 
C92B4D87 0C682913 AEA40E80 54D10FDB 
329BFD38 938C0602 CD07E076 5A799779 
5A4972D7 D4776CB5 81E452E8 9BD27F69 
429FEA37 12D8B1DE 1C697640 C3D873BA 
3DD34233 EC8AFF9B 450D9E4F 970A238D 
C6C8BBF8 AB33632C 04E4540B 498339A8 
329B5441 50EE3BE8 69D7B5B7 AB334B8D 
B9D68160 04D05AF2 A9C43410 F7E546B7 
490B0F15 14423D0F 4341547A C8C1EDB2 
8F5C3240 82FB282C B7262367 1030B3BC 
6DA25986 41533CDA 530FD686 473002B2 
24AD1B67 7B0B2DC4 21CA4E72 435750B0 
9D013B27 277F0FFA 02D102CD 912353F9 
C7A950FD 94C4931C B913E211 A0133868 
C3AC016D 319B97B7 E9FDE1A1 969F33F1 
A73E2B6C 533C515A F2DED777 F8A317F4 
167F7FEE 043CE32E 04FEFE1F 0A7807C7 
CB1F79E4 71597088 2FF9D881 46653AE6 
FB1F01F0 8BE7DC04 39DDFADC CC26B115 
985D1B38 29716167 1CD65364 239F054C 
E15DD600 1ACEE44B 094FEB8F 74FF1972 
10850CB6 D83E7EFF 37DBEC40 B496EC1B 
7B0F9755 16AE29E9 07838705 3ADD4A94 
604662E9 DEEF1602 BBD0D61E B1838D45 
BE869966 978BFE1B 3A812B29 10E09D41 
B5818751 B5C5C798 143F72DA 3E6D6FED 
9B4CD2A6 20602AC8 D28A934B 2D6D0FA1 
1066DB76 D6F1C07F 0195F33E A3FB57B4 
181C9B42 572EE645 7F92B91E CA02C70F 
8663D5E0 24CBDC71 57D1493D 3551BE76 
2F35F426 C9015FD7 239FD5EC ADF5F4CC 
6155C1E5 F6A4D04A 2DD51662 D253106A 
4A2E0C3C 3C43F1C3 E313CBED C0F5AA8B 
917DD975 481E960C 9A9BA811 9419052E 
9F5D63D5 2B58D887 0F0BF375 C62A6BBA 
3787859E 27D6B5FC 58387D22 E42FBD33 
662F61E0 BCA7F77C FB316DE2 686F40FA 
BEBD8BB0 F19E715B 7DC057DA 2C1C08D8 
CCDD1DF1 71A87A05 ECA1ADC0 F217538B 
DE3EA2C7 9811107E B344301A 16E38439 
A371A193 B78344A9 885B72BB 7D678FB1 
F6A51AA4 89C668C0 595A1BC2 57FC2721 
697F43C8 B336E0FF 8722FB86 02AB2D14 
2BA5E4B2 90A1833D 1D598BBF 53885C4A 
5C2B4E48 29FB07C2 5416656A AD316B71 
C7F95D23 20BD328E 574B33D5 830E1CB6 
F3116487 8AE7A101 03A77202 87C73693 
B7E9992D 31C6C5B4 44C7DBB6 B71DFC08 
9AAC9CAF 9348F7C9 4A3D3E5A E8B11835 
767F5E52 628871B8 D13E4AE3 7C8DDAD7 
64D31787 2F65DC4F F8DDAF77 F76D0F6C 
605FD5B1 6ADAA216 265A2801 E3297BC9 
B7721C82 1334CD3C 6AE6148B F4760420 
A2E51A51 D36BB567 CE7C90C8 9630A8B4 
89499CE4 5B2B9B84 5F8BF62D 1A4F344A 
E958E111 E67F5801 5709CFD2 9A158AB4 
DAF5944C 05694165 611BF6AA 07AD589F 
513ED8EA 1018EB36 AD68FC97 9F042C47 
D351CE41 FA70293A 9F8A5ECF 1114CCF3 
B22F17E4 3B2FBC56 65680EED 3B7C3383 
008B5C4C FD8C40B0 054A3491 C1A05BF7 
DDFDD159 0D78B9C8 4235B0D3 8EEFB151 
58F2FB87 A5E386BD 028418C0 29D0DED2 
49454D70 78A487DE C74288EF E90F3191 
E33FAD47 1B83ABC0 86EE10CB 48DD295D 
84C03C2E 2CA42B5C 4CBE6E48 E01840AA 
D56A2712 739D5177 0DE1597B 5A54CA18 
43872700 937A1535 3750E8A6 61F4D4AA 
65A69F67 2AFB24AB 061A6A9F 4D3B8DF0 
7B8799E7 95F900FD 92C1F8B7 216B94E8 
FF5C142B 1515F036 0F1F8574 9D53E0A4 
49D8AB91 3830C7F4 D5685E3C 21921E3B 
001E2774 FD3622E6 F8E4CE82 74AF923C 
378EA4F8 DB4A0481 15AD2E3E 42FC17EC 
45C18E7E 9F6012E7 634ED390 37C1C4EE 
3EC7CC42 4C3078BD 439FD039 D3160B7C 
027ACB7A F512C6E9 94C0F879 8093381C 
ACBBFBD5 B0F592EC 5450C099 BDC5E34E 
AEA1CA7D 2002C5DC 93892B34 08827529 
9D3BA934 EEAFDFBE C2085210 D5BE8D7A 
06C32337 C728BC9E 33AA8E3A 6F77AF3E 
45DE78E6 3B849655 BB75F50F 89D8049A 
1C006AAF 8BAE108E 6379A7BF D5A30B3A 
B89AA128 A49CABB1 73121400 94AFEED7 
EAD01951 C3C348A4 DC22BC85 853B5AB1 
BA812AC4 6406D190 82496348 B1240AFF 
500B9701 0B4FA105 8C996418 D37EE934 
F747D5D8 036ADB16 3AC6BD2F 013A8F00 
6C2275A0 1334B815 CCE578EE E83DEB1F 
F39500D8 284B2263 DC88CFFA ED1263CE 
E8A5A27C 7096C817 E15C9D61 4E902952 
C6391305 4A90E39B 36D06BE1 A14F8281 
087E4DFA C55804DD B35102AC FE05C27F 
8E43E6E9 B9D6CE7F 6B5A82DC 1413E633 
CDA07D58 DFAF60E1 5CBFE94B D5B60191 
33DD1A7E 8DB7C901 04448E09 E7FECBCF 
E0B52DE6 243D63FC 0AC37961 C9BD2659 
6978D6B5 9490431A 21C0EC82 1A7857F8 
9F3DAF7C C3B7E2FF BE937B6F 9FFB1808 
9364F1FA ECD9495B C9122101 92A30D74 
A1555DBF 5E333388 5971A759 10C20045 
348C3539 69A09F69 4E07CDC5 74B0698A 
61757941 15B75013 81D3E58D ABB1A8D7 
7BA5E781 FB47BF5C 6D2BBB06 60C05080 
DC73BF48 7C359527 F520C1A6 5D5F5C2C 
76F43501 193A3EC2 EB2A0DEA 239EE10B 
EF4191B8 AE860AB5 7D8EBA58 EF51401D 
F61C19F0 1FA1129D D9AB2109 9A5434F5 
1CE08B63 C0D271C7 2C84DB8C 4DE3EE8E 
8B664B48 8C792A24 62DE3C86 3F0D3F5D 
B64D4B5E 8F7FB9E2 55563B31 95A45266 
5823C7D6 C3EA1B57 8E342DC8 85886D53 
CA7E5E91 113A64B4 309CB1ED 56464803 
D614AFB2 E3886F0D FAE25FA0 F4698409 
F87233F0 CF378758 0C76FD12 E4500D3A 
BF95EB6D 681529E3 98FDE1C5 E73BE37C 
670E39C8 89A5B96F E454BE04 876BCD4A 
391AA43A 79316E12 518E664E B8E8326E 
4E8C6221 D05BDB84 9E5FCB4D AFC95FC9 
F9C28D3C F071A644 CB16A2DC 210A21A9 
A6E1625D 1F32255C 143F4B9F 4F2CE419 
C84383EA 4717A0D1 FD537A5F D2C4D6E9 
24324793 3F76233B C8BDEE6A C6F5579E 
58F0861D D9ECF806 F625AE2A FD764023 
B52B0B26 EECCA3D3 F8910A08 1EA4F0C1 
FB901871 B554F97C 73C46138 FF424F72 
DB240FD9 50228FBF ED09B312 8E992F8D 
0F360DC3 D10C727A 2B91C243 B5004054 
8DBBC420 077ACE0C F05E542C DEE22711 
EA2E8611 56392FB6 F250ED7C 273A8299 
687449A7 3FF6C321 7DF226E1 ADDD6EFE 
9A725746 010225CF 54C0DEE1 A7AD2AA7 
26BE0E00 48C0046E CE3EE264 F67E118A 
344A1F54 540EB5CF 7188C925 952D4EED 
FEDC764A 3C662F4F 39DD9D02 26674961 
2CD1C3C3 46E5984B 39BDF3DD 74411474 
461D3188 14146985 20F73867 7590286C 
ED282F06 E7B70B95 12EF0767 DFB76775 
7809DA6B EA4E81DB 4D359465 32C43951 
D8808B1D B2974479 89CD48CB DD53FA21 
7883A231 FCD17E72 D12F45B9 A67251E3 
CDAAE44B C33B3498 442E3BF0 C8C899A4 
5C14EF3A CE09A703 D163CBE4 5D749B8C 
CF31AD3E 9A2A6812 21504EAB 0ABB0135 
581B1484 F4F58705 404716CF 0898E519 
D5B40434 F50F2749 20B6A126 FDFC7C78 
11F21EFB 861137A7 D840DF13 07D6C6B5 
EB281BC1 65490249 82524E1F B63CB5FF 
AA8BE264 A6F1DFB0 CE31A6A7 06847A2B 
86EC8A9C FAC4FBD0 03665EC6 9E150896 
9ED4E9DA C16DDB34 A7EFF3DB FB6FAFDA 
5627B88C C6C674D1 AFEAB1A8 D7BF51B8 
86007A1F 6C0248CC 9E666F6B DDCDDD6F 
D805BD24 63B62260 C6CC815B 4DEA1F8B 
B607DB93 5A01886D D4A9B774 FDB6BD15 
DE737F9C 2D66F08D B955B4AF 2785709A 
22122516 2FABC8A2 67FAD7A6 832ED394 
254DCEC3 003CE8CF 08A49392 CFCB58A6 
6E0EEA9B 8C3C4FB3 234457E8 38F1DCD4 
455F5A66 4D288DD3 33094963 69B30CE7 
9A5D3D78 366FA0F8 104C7D7D 4F4A80AA 
15677932 EA3980FF C4797E83 21FCF1EB 
AA97FC2A C0511973 B3ACAF3D F8B1BB53 
4F37C0BA B66141A4 A1ACEC8B 5A1AD17F 
B6363787 3D9488CC 9A7F0AE9 26087A00 
97E034E7 20DEC149 3BDECF22 526680A5 
96E56918 BE50A597 9F42FE12 34C7C200 
A2451B94 62E71348 733F3AEB 2B1E85BE 
CC803807 BA95C320 F5D528B5 C6ACCBB5 
D0856894 C84A8666 77139CCF A8037285 
8A479EB0 8B9DA117 53D68AED B486A697 
98FB745F 1223BE18 4CAE305B 6BF9450B 
D59076AD D67E3EF3 E5AF5E7B 73C3C2C3 
70C72F06 528EC112 EC1AEB58 951B1FA2 
73639F21 A60AACC6 EF59F083 785B590C 
558B1F77 2B36A873 692369AD A83645B2 
28341DC4 BF2CEC47 28BE29AC 8BC6CE0A 
9865BBBD 3DB41876 1179AC26 413CC824 
C2C388AC EBC7AE04 B9C390BC 2C03507F 
AE1E5397 5F6415F1 C76540D8 1D3862C7 
5CF8C62D E4A93311 59ED08AA C3981874 
98B6167C 9716D782 FCC72443 29FC6934 
E66423E4 6433535C 9BF67EEE A589A29F 
2E83365D 421D89FF 23901572 25732707 
BAD2CCF0 2F8DE04E 0100EEA2 627B00D9 
7656D8C7 A843729D EE60E7BF 71D4C195 
BD4FA2FA 5BB6E9CC 91AFA223 186F1B08 
DDD5FD2A 7FF54A0E 86C17640 30FCEBE7 
1BD4D658 C5AAF58B A13FC41C C8AAE10D 
FE14350C EB24254D 457BA44D F92AB48D 
B190B2D1 29C83856 D93C21FA EB37D5AF 
A0B16C0F C041B4E7 D953EB52 FB255BF9 
B690C8AC F9ED702C 61FA3FD5 2E3DDB33 
7DB13ACE 88B9342B 86D4872A 302A6019 
3891F33F F791AA37 5D9A75D1 34B6633D 
3CA137B4 99CC1C5C 0619A86C 40E984C2 
74829EE8 149CD31A 72455BF0 5ED9A969 
FA0DB147 C90BAF7E D36BEFC7 72D06269 
A05F061F 4991718D 8DA23FBD 6F9A9570 
16631980 E3DE4988 687DB30C 79BB9CF9 
BA095658 8FE8ACE3 2EC6A5C1 E04B497A 
C7DE56E8 30E51C4E 2FA5624D 0325056E 
A08309F9 36371F50 D365CE22 4B25378B 
D30AAA32 AF4A19F0 2199C56F D28E1DC2 
26AC9B54 FD749977 157FCF1C 11844937 
44068C3A 9197EF58 66979763 EAF57D35 
C2101929 4F5059B5 26C2BD00 34E8ADDD 
8EEC7F90 101AD35A 6627A8D1 58980745 
A06BFB26 E9D3BC02 406EA5A6 AC01B177 
EF5CF255 F16815EA 8A10C523 E0653912 
7D1214DD DFB7FE56 25F2FC42 37808CCC 
ADD2BDC4 AF52705D 9A902F24 EF61517B 
F741AD85 390DA5CB 2284D1BE 59734CB4 
7765EA57 78743047 27C5CC39 BABB1118 
679A0F18 A9CC501D 36370871 68AE9C82 
0BB4738A A7354746 26250AD7 C306EE70 
6111BD7E 4ABFE9A5 F219765C FC8CA2DE 
814EDA6A C71D5904 AF4987D8 16739C2D 
78D4BEDF 8C6703B4 01F4ADB2 F25D1D51 
49857D47 7E397DF4 98AD2F46 57B8BDF1 
43772DDE C72B7F78 8AAB640F E5AC9A97 
7A2AE430 20DF68B9 DE7AC25A 85481605 
6D8E906E 4DA59022 0A02F185 8714C0B3 
90C22CC1 6F955153 9B513B78 DD602A2B 
36082DF3 EBB74F0B 6FD1A77E A5432F85 
98D460DF D1A22C2D F12CA627 AE64242C 
4F68010E 87C72874 DABD1497 522189FA 
732F1701 231435E6 DD3E7F0E 946E5DB2 
AEB45BE8 5F3D1C3A C0FA673F 1C257827 
CEFC913C 7F552BD1 A17E2B35 5137900F 
BC810908 22794366 BFA434E4 13A4CAEE 
C35A101D 0AE3F797 0168DDBC 017003DE 
88141967 2A418FBB 941DDDD5 2CFAE57F 
50735FF5 8D087D82 48924490 5B38A458 
CE96D30F 91363030 9023C8AB B07FF12B 
AAD0C084 5063ACCC 10AC9087 400FF5A6 
B0FB437D BFB7653E C8F6BB16 C3977047 
3FAB9073 DAB1EB19 CDBE4D9B 625CE249 
8FF20699 B77224C5 E501EB0A C2AEC01A 
57DA65B1 562862EA BA03023C 5A56F311 
F8D3D857 6B46E5CF C8CE7B6E 02BC7C05 
4528F125 4762AB02 0943640C 9D75BB3F 
E2EB2F48 373E428B CC9137FC C3BA73F3 
555D8A70 642A3590 A23A73D3 9285489A 
3B1B77A0 11470E6F BF7312E6 DE37B03A 
79FD1378 3E7EF6F4 A17992F8 3AB6F4DC 
E7685DEA 80BD4DB2 A5660F0C 20021C0F 
99387AB3 5CC6671F 6F242F12 B498E4CC 
59B0E8E3 75283964 659BC846 CE17BBD4 
CAF0428C 760B0755 57308BA6 20758E15 
6586548E D2901AA9 B75B6B9E F0FFC302 
8CAC0004 7B54DBFE CED55E01 300D4F11 
97F96D7C A85D487B EBFFD082 D7A34CE0 
A84B377C 088BC2DD 46F9585A 393FF916 
B6BEB1CC A74FA11F 534B540B 41E358F4 
1D92D21A 3CB79954 EC98EFBB BA16B0AA 
9F70F7C8 A2E49671 92F704C9 8C6998D9 
1566EE82 F6934215 DA8E2A07 E02CBD45 
F3DDDE08 21AB358D AD9E49FD B031C198 
93857BD7 B83A198A FB23504F FF6079C2 
4C29FE09 D4C4AAF8 6D552578 EE01E2EC 
74B6B9C9 75865D94 15E8CD4C B7337FC9 
B8AEB5E4 C7A6C548 57C726D1 F0197D63 
80892E3A FF09298D 452765D2 0D917C85 
F0D543A1 97DD602D 00AABB71 1D23FAAC 
39D7CE6B C45A718F CEB0D177 FF39ECD0 
0989E9FD 169E8F81 BD807B15 5889F8BF 
8E072ECB 568D716C E1EC4529 29D133C5 
9AC87F39 BDE787B4 767E5BCB C3172EC5 
DAAC123B 4BA32494 E5AE039D C975D56B 
00D01562 71101F4B E2F2220C 91474CAE 
F908CBC1 B8B30824 05308191 B3AF184C 
71AA70B4 F848633F 4C4D796A CF4A1873 
4C67B8A6 D02A522A 157B27D9 91FAB1BA 
60BBFF0F 22BAE5F6 407120F5 B6D8F9F5 
9C6F2A3D 3C6FE252 9C03547C F699562C 
8EFD1E82 C759B0BF D9D6689B 4CA3B8E6 
F0A4C21C 736A3B1A 20A3B10F C6FFA2E0 
5D862220 F4F2FB63 B44C3D81 7B336DD4 
5EAFB612 C6B0240F 051B2EC0 A56F4E46 
CEBDCBDD A16BB0E2 E936759A F2FF5DAE 
F32C6EB4 905A67D2 54DA07BC F736A01F 


54455854 204F4620 50524553 4944454E 
54204A4F 484E204B 454E4E45 44592753 
20524943 45205354 41444955 4D204D4F 
4F4E2053 50454543 480A0A50 72657369 
64656E74 20506974 7A65722C 204D722E 
20566963 65205072 65736964 656E742C 
20476F76 65726E6F 722C2043 6F6E6772 
6573736D 616E2054 686F6D61 732C2053 
656E6174 6F722057 696C6579 2C20616E 
6420436F 6E677265 73736D61 6E204D69 
6C6C6572 2C204D72 2E205765 62622C20 
4D722E20 42656C6C 2C207363 69656E74 
69737473 2C206469 7374696E 67756973 
68656420 67756573 74732C20 616E6420 
6C616469 65732061 6E642067 656E746C 
656D656E 3A0A0A49 20617070 72656369 
61746520 796F7572 20707265 73696465 
6E742068 6176696E 67206D61 6465206D 
6520616E 20686F6E 6F726172 79207669 
73697469 6E672070 726F6665 73736F72 
2C20616E 64204920 77696C6C 20617373 
75726520 796F7520 74686174 206D7920 
66697273 74206C65 63747572 65207769 
6C6C2062 65207665 72792062 72696566 
2E0A0A49 20616D20 64656C69 67687465 
6420746F 20626520 68657265 2C20616E 
64204927 6D207061 72746963 756C6172 
6C792064 656C6967 68746564 20746F20 
62652068 65726520 6F6E2074 68697320 
6F636361 73696F6E 2E0A0A57 65206D65 
65742061 74206120 636F6C6C 65676520 
6E6F7465 6420666F 72206B6E 6F776C65 
6467652C 20696E20 61206369 7479206E 
6F746564 20666F72 2070726F 67726573 
732C2069 6E206120 53746174 65206E6F 
74656420 666F7220 73747265 6E677468 
2C20616E 64207765 20737461 6E642069 
6E206E65 6564206F 6620616C 6C207468 
7265652C 20666F72 20776520 6D656574 
20696E20 616E2068 6F757220 6F662063 
68616E67 6520616E 64206368 616C6C65 
6E67652C 20696E20 61206465 63616465 
206F6620 686F7065 20616E64 20666561 
722C2069 6E20616E 20616765 206F6620 
626F7468 206B6E6F 776C6564 67652061 
6E642069 676E6F72 616E6365 2E205468 
65206772 65617465 72206F75 72206B6E 
6F776C65 64676520 696E6372 65617365 
732C2074 68652067 72656174 6572206F 
75722069 676E6F72 616E6365 20756E66 
6F6C6473 2E0A0A44 65737069 74652074 
68652073 7472696B 696E6720 66616374 
20746861 74206D6F 7374206F 66207468 
65207363 69656E74 69737473 20746861 
74207468 6520776F 726C6420 68617320 
65766572 206B6E6F 776E2061 72652061 
6C697665 20616E64 20776F72 6B696E67 
20746F64 61792C20 64657370 69746520 
74686520 66616374 20746861 74207468 
6973204E 6174696F 6EC2B973 206F776E 
20736369 656E7469 66696320 6D616E70 
6F776572 20697320 646F7562 6C696E67 
20657665 72792031 32207965 61727320 
696E2061 20726174 65206F66 2067726F 
77746820 6D6F7265 20746861 6E207468 
72656520 74696D65 73207468 6174206F 
66206F75 7220706F 70756C61 74696F6E 
20617320 61207768 6F6C652C 20646573 
70697465 20746861 742C2074 68652076 
61737420 73747265 74636865 73206F66 
20746865 20756E6B 6E6F776E 20616E64 
20746865 20756E61 6E737765 72656420 
616E6420 74686520 756E6669 6E697368 
65642073 74696C6C 20666172 206F7574 
73747269 70206F75 7220636F 6C6C6563 
74697665 20636F6D 70726568 656E7369 
6F6E2E0A 0A4E6F20 6D616E20 63616E20 
66756C6C 79206772 61737020 686F7720 
66617220 616E6420 686F7720 66617374 
20776520 68617665 20636F6D 652C2062 
75742063 6F6E6465 6E73652C 20696620 
796F7520 77696C6C 2C207468 65203530 
2C303030 20796561 7273206F 66206D61 
6EC2B973 20726563 6F726465 64206869 
73746F72 7920696E 20612074 696D6520 
7370616E 206F6620 62757420 61206861 
6C662D63 656E7475 72792E20 53746174 
65642069 6E207468 65736520 7465726D 
732C2077 65206B6E 6F772076 65727920 
6C697474 6C652061 626F7574 20746865 
20666972 73742034 30207965 6172732C 
20657863 65707420 61742074 68652065 
6E64206F 66207468 656D2061 6476616E 
63656420 6D616E20 68616420 6C656172 
6E656420 746F2075 73652074 68652073 
6B696E73 206F6620 616E696D 616C7320 
746F2063 6F766572 20746865 6D2E2054 
68656E20 61626F75 74203130 20796561 
72732061 676F2C20 756E6465 72207468 
69732073 74616E64 6172642C 206D616E 
20656D65 72676564 2066726F 6D206869 
73206361 76657320 746F2063 6F6E7374 
72756374 206F7468 6572206B 696E6473 
206F6620 7368656C 7465722E 204F6E6C 
79206669 76652079 65617273 2061676F 
206D616E 206C6561 726E6564 20746F20 
77726974 6520616E 64207573 65206120 
63617274 20776974 68207768 65656C73 
2E204368 72697374 69616E69 74792062 
6567616E 206C6573 73207468 616E2074 
776F2079 65617273 2061676F 2E205468 
65207072 696E7469 6E672070 72657373 
2063616D 65207468 69732079 6561722C 
20616E64 20746865 6E206C65 73732074 
68616E20 74776F20 6D6F6E74 68732061 
676F2C20 64757269 6E672074 68697320 
77686F6C 65203530 2D796561 72207370 
616E206F 66206875 6D616E20 68697374 
6F72792C 20746865 20737465 616D2065 
6E67696E 65207072 6F766964 65642061 
206E6577 20736F75 72636520 6F662070 
6F776572 2E0A0A4E 6577746F 6E206578 
706C6F72 65642074 6865206D 65616E69 
6E67206F 66206772 61766974 792E204C 
61737420 6D6F6E74 6820656C 65637472 
6963206C 69676874 7320616E 64207465 
6C657068 6F6E6573 20616E64 20617574 
6F6D6F62 696C6573 20616E64 20616972 
706C616E 65732062 6563616D 65206176 
61696C61 626C652E 204F6E6C 79206C61 
73742077 65656B20 64696420 77652064 
6576656C 6F702070 656E6963 696C6C69 
6E20616E 64207465 6C657669 73696F6E 
20616E64 206E7563 6C656172 20706F77 
65722C20 616E6420 6E6F7720 69662041 
6D657269 63612773 206E6577 20737061 
63656372 61667420 73756363 65656473 
20696E20 72656163 68696E67 2056656E 
75732C20 77652077 696C6C20 68617665 
206C6974 6572616C 6C792072 65616368 
65642074 68652073 74617273 20626566 
6F726520 6D69646E 69676874 20746F6E 
69676874 2E0A0A54 68697320 69732061 
20627265 61746874 616B696E 67207061 
63652C20 616E6420 73756368 20612070 
61636520 63616E6E 6F742068 656C7020 
62757420 63726561 7465206E 65772069 
6C6C7320 61732069 74206469 7370656C 
73206F6C 642C206E 65772069 676E6F72 
616E6365 2C206E65 77207072 6F626C65 
6D732C20 6E657720 64616E67 6572732E 
20537572 656C7920 74686520 6F70656E 
696E6720 76697374 6173206F 66207370 
61636520 70726F6D 69736520 68696768 
20636F73 74732061 6E642068 61726473 
68697073 2C206173 2077656C 6C206173 
20686967 68207265 77617264 2E0A0A53 
6F206974 20697320 6E6F7420 73757270 
72697369 6E672074 68617420 736F6D65 
20776F75 6C642068 61766520 75732073 
74617920 77686572 65207765 20617265 
2061206C 6974746C 65206C6F 6E676572 
20746F20 72657374 2C20746F 20776169 
742E2042 75742074 68697320 63697479 
206F6620 486F7573 746F6E2C 20746869 
73205374 61746520 6F662054 65786173 
2C207468 69732063 6F756E74 7279206F 
66207468 6520556E 69746564 20537461 
74657320 77617320 6E6F7420 6275696C 
74206279 2074686F 73652077 686F2077 
61697465 6420616E 64207265 73746564 
20616E64 20776973 68656420 746F206C 
6F6F6B20 62656869 6E642074 68656D2E 
20546869 7320636F 756E7472 79207761 
7320636F 6E717565 72656420 62792074 
686F7365 2077686F 206D6F76 65642066 
6F727761 72642D2D 616E6420 736F2077 
696C6C20 73706163 652E0A0A 57696C6C 
69616D20 42726164 666F7264 2C207370 
65616B69 6E672069 6E203136 3330206F 
66207468 6520666F 756E6469 6E67206F 
66207468 6520506C 796D6F75 74682042 
61792043 6F6C6F6E 792C2073 61696420 
74686174 20616C6C 20677265 61742061 
6E642068 6F6E6F72 61626C65 20616374 
696F6E73 20617265 20616363 6F6D7061 
6E696564 20776974 68206772 65617420 
64696666 6963756C 74696573 2C20616E 
6420626F 7468206D 75737420 62652065 
6E746572 70726973 65642061 6E64206F 
76657263 6F6D6520 77697468 20616E73 
77657261 626C6520 636F7572 6167652E 
0A0A4966 20746869 73206361 7073756C 
65206869 73746F72 79206F66 206F7572 
2070726F 67726573 73207465 61636865 
73207573 20616E79 7468696E 672C2069 
74206973 20746861 74206D61 6E2C2069 
6E206869 73207175 65737420 666F7220 
6B6E6F77 6C656467 6520616E 64207072 
6F677265 73732C20 69732064 65746572 
6D696E65 6420616E 64206361 6E6E6F74 
20626520 64657465 72726564 2E205468 
65206578 706C6F72 6174696F 6E206F66 
20737061 63652077 696C6C20 676F2061 
68656164 2C207768 65746865 72207765 
206A6F69 6E20696E 20697420 6F72206E 
6F742C20 616E6420 69742069 73206F6E 
65206F66 20746865 20677265 61742061 
6476656E 74757265 73206F66 20616C6C 
2074696D 652C2061 6E64206E 6F206E61 
74696F6E 20776869 63682065 78706563 
74732074 6F206265 20746865 206C6561 
64657220 6F66206F 74686572 206E6174 
696F6E73 2063616E 20657870 65637420 
746F2073 74617920 62656869 6E642069 
6E207468 65207261 63652066 6F722073 
70616365 2E0A0A54 686F7365 2077686F 
2063616D 65206265 666F7265 20757320 
6D616465 20636572 7461696E 20746861 
74207468 69732063 6F756E74 72792072 
6F646520 74686520 66697273 74207761 
76657320 6F662074 68652069 6E647573 
74726961 6C207265 766F6C75 74696F6E 
732C2074 68652066 69727374 20776176 
6573206F 66206D6F 6465726E 20696E76 
656E7469 6F6E2C20 616E6420 74686520 
66697273 74207761 7665206F 66206E75 
636C6561 7220706F 7765722C 20616E64 
20746869 73206765 6E657261 74696F6E 
20646F65 73206E6F 7420696E 74656E64 
20746F20 666F756E 64657220 696E2074 
68652062 61636B77 61736820 6F662074 
68652063 6F6D696E 67206167 65206F66 
20737061 63652E20 5765206D 65616E20 
746F2062 65206120 70617274 206F6620 
69742D2D 7765206D 65616E20 746F206C 
65616420 69742E20 466F7220 74686520 
65796573 206F6620 74686520 776F726C 
64206E6F 77206C6F 6F6B2069 6E746F20 
73706163 652C2074 6F207468 65206D6F 
6F6E2061 6E642074 6F207468 6520706C 
616E6574 73206265 796F6E64 2C20616E 
64207765 20686176 6520766F 77656420 
74686174 20776520 7368616C 6C206E6F 
74207365 65206974 20676F76 65726E65 
64206279 20612068 6F737469 6C652066 
6C616720 6F662063 6F6E7175 6573742C 
20627574 20627920 61206261 6E6E6572 
206F6620 66726565 646F6D20 616E6420 
70656163 652E2057 65206861 76652076 
6F776564 20746861 74207765 20736861 
6C6C206E 6F742073 65652073 70616365 
2066696C 6C656420 77697468 20776561 
706F6E73 206F6620 6D617373 20646573 
74727563 74696F6E 2C206275 74207769 
74682069 6E737472 756D656E 7473206F 
66206B6E 6F776C65 64676520 616E6420 
756E6465 72737461 6E64696E 672E0A0A 
59657420 74686520 766F7773 206F6620 
74686973 204E6174 696F6E20 63616E20 
6F6E6C79 20626520 66756C66 696C6C65 
64206966 20776520 696E2074 68697320 
4E617469 6F6E2061 72652066 69727374 
2C20616E 642C2074 68657265 666F7265 
2C207765 20696E74 656E6420 746F2062 
65206669 7273742E 20496E20 73686F72 
742C206F 7572206C 65616465 72736869 
7020696E 20736369 656E6365 20616E64 
20696E20 696E6475 73747279 2C206F75 
7220686F 70657320 666F7220 70656163 
6520616E 64207365 63757269 74792C20 
6F757220 6F626C69 67617469 6F6E7320 
746F206F 75727365 6C766573 20617320 
77656C6C 20617320 6F746865 72732C20 
616C6C20 72657175 69726520 75732074 
6F206D61 6B652074 68697320 6566666F 
72742C20 746F2073 6F6C7665 20746865 
7365206D 79737465 72696573 2C20746F 
20736F6C 76652074 68656D20 666F7220 
74686520 676F6F64 206F6620 616C6C20 
6D656E2C 20616E64 20746F20 6265636F 
6D652074 68652077 6F726C64 2773206C 
65616469 6E672073 70616365 2D666172 
696E6720 6E617469 6F6E2E0A 0A576520 
73657420 7361696C 206F6E20 74686973 
206E6577 20736561 20626563 61757365 
20746865 72652069 73206E65 77206B6E 
6F776C65 64676520 746F2062 65206761 
696E6564 2C20616E 64206E65 77207269 
67687473 20746F20 62652077 6F6E2C20 
616E6420 74686579 206D7573 74206265 
20776F6E 20616E64 20757365 6420666F 
72207468 65207072 6F677265 7373206F 
6620616C 6C207065 6F706C65 2E20466F 
72207370 61636520 73636965 6E63652C 
206C696B 65206E75 636C6561 72207363 
69656E63 6520616E 6420616C 6C207465 
63686E6F 6C6F6779 2C206861 73206E6F 
20636F6E 73636965 6E636520 6F662069 
7473206F 776E2E20 57686574 68657220 
69742077 696C6C20 6265636F 6D652061 
20666F72 63652066 6F722067 6F6F6420 
6F722069 6C6C2064 6570656E 6473206F 
6E206D61 6E2C2061 6E64206F 6E6C7920 
69662074 68652055 6E697465 64205374 
61746573 206F6363 75706965 73206120 
706F7369 74696F6E 206F6620 7072652D 
656D696E 656E6365 2063616E 20776520 
68656C70 20646563 69646520 77686574 
68657220 74686973 206E6577 206F6365 
616E2077 696C6C20 62652061 20736561 
206F6620 70656163 65206F72 2061206E 
65772074 65727269 6679696E 67207468 
65617465 72206F66 20776172 2E204920 
646F206E 6F742073 61792074 68652077 
65207368 6F756C64 206F7220 77696C6C 
20676F20 756E7072 6F746563 74656420 
61676169 6E737420 74686520 686F7374 
696C6520 6D697375 7365206F 66207370 
61636520 616E7920 6D6F7265 20746861 
6E207765 20676F20 756E7072 6F746563 
74656420 61676169 6E737420 74686520 
686F7374 696C6520 75736520 6F66206C 
616E6420 6F722073 65612C20 62757420 
4920646F 20736179 20746861 74207370 
61636520 63616E20 62652065 78706C6F 
72656420 616E6420 6D617374 65726564 
20776974 686F7574 20666565 64696E67 
20746865 20666972 6573206F 66207761 
722C2077 6974686F 75742072 65706561 
74696E67 20746865 206D6973 74616B65 
73207468 6174206D 616E2068 6173206D 
61646520 696E2065 7874656E 64696E67 
20686973 20777269 74206172 6F756E64 
20746869 7320676C 6F626520 6F66206F 
7572732E 0A0A5468 65726520 6973206E 
6F207374 72696665 2C206E6F 20707265 
6A756469 63652C20 6E6F206E 6174696F 
6E616C20 636F6E66 6C696374 20696E20 
6F757465 72207370 61636520 61732079 
65742E20 49747320 68617A61 72647320 
61726520 686F7374 696C6520 746F2075 
7320616C 6C2E2049 74732063 6F6E7175 
65737420 64657365 72766573 20746865 
20626573 74206F66 20616C6C 206D616E 
6B696E64 2C20616E 64206974 73206F70 
706F7274 756E6974 7920666F 72207065 
61636566 756C2063 6F6F7065 72617469 
6F6E206D 616E7920 6E657665 7220636F 
6D652061 6761696E 2E204275 74207768 
792C2073 6F6D6520 7361792C 20746865 
206D6F6F 6E3F2057 68792063 686F6F73 
65207468 69732061 73206F75 7220676F 
616C3F20 416E6420 74686579 206D6179 
2077656C 6C206173 6B207768 7920636C 
696D6220 74686520 68696768 65737420 
6D6F756E 7461696E 3F205768 792C2033 
35207965 61727320 61676F2C 20666C79 
20746865 2041746C 616E7469 633F2057 
68792064 6F657320 52696365 20706C61 
79205465 7861733F 0A0A5765 2063686F 
6F736520 746F2067 6F20746F 20746865 
206D6F6F 6E2E2057 65206368 6F6F7365 
20746F20 676F2074 6F207468 65206D6F 
6F6E2069 6E207468 69732064 65636164 
6520616E 6420646F 20746865 206F7468 
65722074 68696E67 732C206E 6F742062 
65636175 73652074 68657920 61726520 
65617379 2C206275 74206265 63617573 
65207468 65792061 72652068 6172642C 
20626563 61757365 20746861 7420676F 
616C2077 696C6C20 73657276 6520746F 
206F7267 616E697A 6520616E 64206D65 
61737572 65207468 65206265 7374206F 
66206F75 7220656E 65726769 65732061 
6E642073 6B696C6C 732C2062 65636175 
73652074 68617420 6368616C 6C656E67 
65206973 206F6E65 20746861 74207765 
20617265 2077696C 6C696E67 20746F20 
61636365 70742C20 6F6E6520 77652061 
72652075 6E77696C 6C696E67 20746F20 
706F7374 706F6E65 2C20616E 64206F6E 
65207768 69636820 77652069 6E74656E 
6420746F 2077696E 2C20616E 64207468 
65206F74 68657273 2C20746F 6F2E0A0A 
49742069 7320666F 72207468 65736520 
72656173 6F6E7320 74686174 20492072 
65676172 64207468 65206465 63697369 
6F6E206C 61737420 79656172 20746F20 
73686966 74206F75 72206566 666F7274 
7320696E 20737061 63652066 726F6D20 
6C6F7720 746F2068 69676820 67656172 
20617320 616D6F6E 67207468 65206D6F 
73742069 6D706F72 74616E74 20646563 
6973696F 6E732074 68617420 77696C6C 
20626520 6D616465 20647572 696E6720 
6D792069 6E63756D 62656E63 7920696E 
20746865 206F6666 69636520 6F662074 
68652050 72657369 64656E63 792E0A0A 
496E2074 6865206C 61737420 32342068 
6F757273 20776520 68617665 20736565 
6E206661 63696C69 74696573 206E6F77 
20626569 6E672063 72656174 65642066 
6F722074 68652067 72656174 65737420 
616E6420 6D6F7374 20636F6D 706C6578 
20657870 6C6F7261 74696F6E 20696E20 
6D616E27 73206869 73746F72 792E2057 
65206861 76652066 656C7420 74686520 
67726F75 6E642073 68616B65 20616E64 
20746865 20616972 20736861 74746572 
65642062 79207468 65207465 7374696E 
67206F66 20612053 61747572 6E20432D 
3120626F 6F737465 7220726F 636B6574 
2C206D61 6E792074 696D6573 20617320 
706F7765 7266756C 20617320 74686520 
41746C61 73207768 69636820 6C61756E 
63686564 204A6F68 6E20476C 656E6E2C 
2067656E 65726174 696E6720 706F7765 
72206571 75697661 6C656E74 20746F20 
31302C30 30302061 75746F6D 6F62696C 
65732077 69746820 74686569 72206163 
63656C65 7261746F 7273206F 6E207468 
6520666C 6F6F722E 20576520 68617665 
20736565 6E207468 65207369 74652077 
68657265 20746865 20462D31 20726F63 
6B657420 656E6769 6E65732C 20656163 
68206F6E 65206173 20706F77 65726675 
6C206173 20616C6C 20656967 68742065 
6E67696E 6573206F 66207468 65205361 
7475726E 20636F6D 62696E65 642C2077 
696C6C20 62652063 6C757374 65726564 
20746F67 65746865 7220746F 206D616B 
65207468 65206164 76616E63 65642053 
61747572 6E206D69 7373696C 652C2061 
7373656D 626C6564 20696E20 61206E65 
77206275 696C6469 6E672074 6F206265 
20627569 6C742061 74204361 70652043 
616E6176 6572616C 20617320 74616C6C 
20617320 61203438 2073746F 72792073 
74727563 74757265 2C206173 20776964 
65206173 20612063 69747920 626C6F63 
6B2C2061 6E642061 73206C6F 6E672061 
73207477 6F206C65 6E677468 73206F66 
20746869 73206669 656C642E 0A0A5769 
7468696E 20746865 7365206C 61737420 
3139206D 6F6E7468 73206174 206C6561 
73742034 35207361 74656C6C 69746573 
20686176 65206369 72636C65 64207468 
65206561 7274682E 20536F6D 65203430 
206F6620 7468656D 20776572 6520226D 
61646520 696E2074 68652055 6E697465 
64205374 61746573 206F6620 416D6572 
69636122 20616E64 20746865 79207765 
72652066 6172206D 6F726520 736F7068 
69737469 63617465 6420616E 64207375 
70706C69 65642066 6172206D 6F726520 
6B6E6F77 6C656467 6520746F 20746865 
2070656F 706C6520 6F662074 68652077 
6F726C64 20746861 6E207468 6F736520 
6F662074 68652053 6F766965 7420556E 
696F6E2E 0A0A5468 65204D61 72696E65 
72207370 61636563 72616674 206E6F77 
206F6E20 69747320 77617920 746F2056 
656E7573 20697320 74686520 6D6F7374 
20696E74 72696361 74652069 6E737472 
756D656E 7420696E 20746865 20686973 
746F7279 206F6620 73706163 65207363 
69656E63 652E2054 68652061 63637572 
61637920 6F662074 68617420 73686F74 
20697320 636F6D70 61726162 6C652074 
6F206669 72696E67 2061206D 69737369 
6C652066 726F6D20 43617065 2043616E 
61766572 616C2061 6E642064 726F7070 
696E6720 69742069 6E207468 69732073 
74616469 756D2062 65747765 656E2074 
68652074 68652034 302D7961 7264206C 
696E6573 2E0A0A54 72616E73 69742073 
6174656C 6C697465 73206172 65206865 
6C70696E 67206F75 72207368 69707320 
61742073 65612074 6F207374 65657220 
61207361 66657220 636F7572 73652E20 
5469726F 73207361 74656C6C 69746573 
20686176 65206769 76656E20 75732075 
6E707265 63656465 6E746564 20776172 
6E696E67 73206F66 20687572 72696361 
6E657320 616E6420 73746F72 6D732C20 
616E6420 77696C6C 20646F20 74686520 
73616D65 20666F72 20666F72 65737420 
66697265 7320616E 64206963 65626572 
67732E0A 0A576520 68617665 20686164 
206F7572 20666169 6C757265 732C2062 
75742073 6F206861 7665206F 74686572 
732C2065 76656E20 69662074 68657920 
646F206E 6F742061 646D6974 20746865 
6D2E2041 6E642074 68657920 6D617920 
6265206C 65737320 7075626C 69632E0A 
0A546F20 62652073 7572652C 20776520 
61726520 62656869 6E642C20 616E6420 
77696C6C 20626520 62656869 6E642066 
6F722073 6F6D6520 74696D65 20696E20 
6D616E6E 65642066 6C696768 742E2042 
75742077 6520646F 206E6F74 20696E74 
656E6420 746F2073 74617920 62656869 
6E642C20 616E6420 696E2074 68697320 
64656361 64652C20 77652073 68616C6C 
206D616B 65207570 20616E64 206D6F76 
65206168 6561642E 0A0A5468 65206772 
6F777468 206F6620 6F757220 73636965 
6E636520 616E6420 65647563 6174696F 
6E207769 6C6C2062 6520656E 72696368 
65642062 79206E65 77206B6E 6F776C65 
64676520 6F66206F 75722075 6E697665 
72736520 616E6420 656E7669 726F6E6D 
656E742C 20627920 6E657720 74656368 
6E697175 6573206F 66206C65 61726E69 
6E672061 6E64206D 61707069 6E672061 
6E64206F 62736572 76617469 6F6E2C20 
6279206E 65772074 6F6F6C73 20616E64 
20636F6D 70757465 72732066 6F722069 
6E647573 7472792C 206D6564 6963696E 
652C2074 68652068 6F6D6520 61732077 
656C6C20 61732074 68652073 63686F6F 
6C2E2054 6563686E 6963616C 20696E73 
74697475 74696F6E 732C2073 75636820 
61732052 6963652C 2077696C 6C207265 
61702074 68652068 61727665 7374206F 
66207468 65736520 6761696E 732E0A0A 
416E6420 66696E61 6C6C792C 20746865 
20737061 63652065 66666F72 74206974 
73656C66 2C207768 696C6520 7374696C 
6C20696E 20697473 20696E66 616E6379 
2C206861 7320616C 72656164 79206372 
65617465 64206120 67726561 74206E75 
6D626572 206F6620 6E657720 636F6D70 
616E6965 732C2061 6E642074 656E7320 
6F662074 686F7573 616E6473 206F6620 
6E657720 6A6F6273 2E205370 61636520 
616E6420 72656C61 74656420 696E6475 
73747269 65732061 72652067 656E6572 
6174696E 67206E65 77206465 6D616E64 
7320696E 20696E76 6573746D 656E7420 
616E6420 736B696C 6C656420 70657273 
6F6E6E65 6C2C2061 6E642074 68697320 
63697479 20616E64 20746869 73205374 
6174652C 20616E64 20746869 73207265 
67696F6E 2C207769 6C6C2073 68617265 
20677265 61746C79 20696E20 74686973 
2067726F 7774682E 20576861 74207761 
73206F6E 63652074 68652066 75727468 
65737420 6F757470 6F737420 6F6E2074 
6865206F 6C642066 726F6E74 69657220 
6F662074 68652057 65737420 77696C6C 
20626520 74686520 66757274 68657374 
206F7574 706F7374 206F6E20 74686520 
6E657720 66726F6E 74696572 206F6620 
73636965 6E636520 616E6420 73706163 
652E2048 6F757374 6F6E2C20 796F7572 
20436974 79206F66 20486F75 73746F6E 
2C207769 74682069 7473204D 616E6E65 
64205370 61636563 72616674 2043656E 
7465722C 2077696C 6C206265 636F6D65 
20746865 20686561 7274206F 66206120 
6C617267 65207363 69656E74 69666963 
20616E64 20656E67 696E6565 72696E67 
20636F6D 6D756E69 74792E20 44757269 
6E672074 6865206E 65787420 35207965 
61727320 74686520 4E617469 6F6E616C 
20416572 6F6E6175 74696373 20616E64 
20537061 63652041 646D696E 69737472 
6174696F 6E206578 70656374 7320746F 
20646F75 626C6520 74686520 6E756D62 
6572206F 66207363 69656E74 69737473 
20616E64 20656E67 696E6565 72732069 
6E207468 69732061 7265612C 20746F20 
696E6372 65617365 20697473 206F7574 
6C617973 20666F72 2073616C 61726965 
7320616E 64206578 70656E73 65732074 
6F202436 30206D69 6C6C696F 6E206120 
79656172 3B20746F 20696E76 65737420 
736F6D65 20243230 30206D69 6C6C696F 
6E20696E 20706C61 6E742061 6E64206C 
61626F72 61746F72 79206661 63696C69 
74696573 3B20616E 6420746F 20646972 
65637420 6F722063 6F6E7472 61637420 
666F7220 6E657720 73706163 65206566 
666F7274 73206F76 65722024 31206269 
6C6C696F 6E206672 6F6D2074 68697320 
43656E74 65722069 6E207468 69732043 
6974792E 0A0A546F 20626520 73757265 
2C20616C 6C207468 69732063 6F737473 
20757320 616C6C20 6120676F 6F642064 
65616C20 6F66206D 6F6E6579 2E205468 
69732079 656172C2 B9732073 70616365 
20627564 67657420 69732074 68726565 
2074696D 65732077 68617420 69742077 
61732069 6E204A61 6E756172 79203139 
36312C20 616E6420 69742069 73206772 
65617465 72207468 616E2074 68652073 
70616365 20627564 67657420 6F662074 
68652070 72657669 6F757320 65696768 
74207965 61727320 636F6D62 696E6564 
2E205468 61742062 75646765 74206E6F 
77207374 616E6473 20617420 24352C34 
3030206D 696C6C69 6F6E2061 20796561 
722D2D61 20737461 67676572 696E6720 
73756D2C 2074686F 75676820 736F6D65 
77686174 206C6573 73207468 616E2077 
65207061 7920666F 72206369 67617265 
74746573 20616E64 20636967 61727320 
65766572 79207965 61722E20 53706163 
65206578 70656E64 69747572 65732077 
696C6C20 736F6F6E 20726973 6520736F 
6D65206D 6F72652C 2066726F 6D203430 
2063656E 74732070 65722070 6572736F 
6E207065 72207765 656B2074 6F206D6F 
72652074 68616E20 35302063 656E7473 
20612077 65656B20 666F7220 65766572 
79206D61 6E2C2077 6F6D616E 20616E64 
20636869 6C642069 6E207468 6520556E 
69746564 20537461 7465642C 20666F72 
20776520 68617665 20676976 656E2074 
68697320 70726F67 72616D20 61206869 
6768206E 6174696F 6E616C20 7072696F 
72697479 2D2D6576 656E2074 686F7567 
68204920 7265616C 697A6520 74686174 
20746869 73206973 20696E20 736F6D65 
206D6561 73757265 20616E20 61637420 
6F662066 61697468 20616E64 20766973 
696F6E2C 20666F72 20776520 646F206E 
6F74206E 6F77206B 6E6F7720 77686174 
2062656E 65666974 73206177 61697420 
75732E0A 0A427574 20696620 49207765 
72652074 6F207361 792C206D 79206665 
6C6C6F77 20636974 697A656E 732C2074 
68617420 77652073 68616C6C 2073656E 
6420746F 20746865 206D6F6F 6E2C2032 
34302C30 3030206D 696C6573 20617761 
79206672 6F6D2074 68652063 6F6E7472 
6F6C2073 74617469 6F6E2069 6E20486F 
7573746F 6E2C2061 20676961 6E742072 
6F636B65 74206D6F 72652074 68616E20 
33303020 66656574 2074616C 6C2C2074 
6865206C 656E6774 68206F66 20746869 
7320666F 6F746261 6C6C2066 69656C64 
2C206D61 6465206F 66206E65 77206D65 
74616C20 616C6C6F 79732C20 736F6D65 
206F6620 77686963 68206861 7665206E 
6F742079 65742062 65656E20 696E7665 
6E746564 2C206361 7061626C 65206F66 
20737461 6E64696E 67206865 61742061 
6E642073 74726573 73657320 73657665 
72616C20 74696D65 73206D6F 72652074 
68616E20 68617665 20657665 72206265 
656E2065 78706572 69656E63 65642C20 
66697474 65642074 6F676574 68657220 
77697468 20612070 72656369 73696F6E 
20626574 74657220 7468616E 20746865 
2066696E 65737420 77617463 682C2063 
61727279 696E6720 616C6C20 74686520 
65717569 706D656E 74206E65 65646564 
20666F72 2070726F 70756C73 696F6E2C 
20677569 64616E63 652C2063 6F6E7472 
6F6C2C20 636F6D6D 756E6963 6174696F 
6E732C20 666F6F64 20616E64 20737572 
76697661 6C2C206F 6E20616E 20756E74 
72696564 206D6973 73696F6E 2C20746F 
20616E20 756E6B6E 6F776E20 63656C65 
73746961 6C20626F 64792C20 616E6420 
7468656E 20726574 75726E20 69742073 
6166656C 7920746F 20656172 74682C20 
72652D65 6E746572 696E6720 74686520 
61746D6F 73706865 72652061 74207370 
65656473 206F6620 6F766572 2032352C 
30303020 6D696C65 73207065 7220686F 
75722C20 63617573 696E6720 68656174 
2061626F 75742068 616C6620 74686174 
206F6620 74686520 74656D70 65726174 
75726520 6F662074 68652073 756E2D2D 
616C6D6F 73742061 7320686F 74206173 
20697420 69732068 65726520 746F6461 
792D2D61 6E642064 6F20616C 6C207468 
69732C20 616E6420 646F2069 74207269 
6768742C 20616E64 20646F20 69742066 
69727374 20626566 6F726520 74686973 
20646563 61646520 6973206F 75742D2D 
7468656E 20776520 6D757374 20626520 
626F6C64 2E0A0A49 276D2074 6865206F 
6E652077 686F2069 7320646F 696E6720 
616C6C20 74686520 776F726B 2C20736F 
20776520 6A757374 2077616E 7420796F 
7520746F 20737461 7920636F 6F6C2066 
6F722061 206D696E 7574652E 205B6C61 
75676874 65725D0A 0A486F77 65766572 
2C204920 7468696E 6B207765 27726520 
676F696E 6720746F 20646F20 69742C20 
616E6420 49207468 696E6B20 74686174 
20776520 6D757374 20706179 20776861 
74206E65 65647320 746F2062 65207061 
69642E20 4920646F 6E277420 7468696E 
6B207765 206F7567 68742074 6F207761 
73746520 616E7920 6D6F6E65 792C2062 
75742049 20746869 6E6B2077 65206F75 
67687420 746F2064 6F207468 65206A6F 
622E2041 6E642074 68697320 77696C6C 
20626520 646F6E65 20696E20 74686520 
64656361 6465206F 66207468 65207369 
78746965 732E2049 74206D61 79206265 
20646F6E 65207768 696C6520 736F6D65 
206F6620 796F7520 61726520 7374696C 
6C206865 72652061 74207363 686F6F6C 
20617420 74686973 20636F6C 6C656765 
20616E64 20756E69 76657273 6974792E 
20497420 77696C6C 20626520 646F6E65 
20647572 696E6720 74686520 7465726D 
206F6620 6F666669 6365206F 6620736F 
6D65206F 66207468 65207065 6F706C65 
2077686F 20736974 20686572 65206F6E 
20746869 7320706C 6174666F 726D2E20 
42757420 69742077 696C6C20 62652064 
6F6E652E 20416E64 20697420 77696C6C 
20626520 646F6E65 20626566 6F726520 
74686520 656E6420 6F662074 68697320 
64656361 64652E0A 0A492061 6D206465 
6C696768 74656420 74686174 20746869 
7320756E 69766572 73697479 20697320 
706C6179 696E6720 61207061 72742069 
6E207075 7474696E 67206120 6D616E20 
6F6E2074 6865206D 6F6F6E20 61732070 
61727420 6F662061 20677265 6174206E 
6174696F 6E616C20 6566666F 7274206F 
66207468 6520556E 69746564 20537461 
74657320 6F662041 6D657269 63612E0A 
0A4D616E 79207965 61727320 61676F20 
74686520 67726561 74204272 69746973 
68206578 706C6F72 65722047 656F7267 
65204D61 6C6C6F72 792C2077 686F2077 
61732074 6F206469 65206F6E 204D6F75 
6E742045 76657265 73742C20 77617320 
61736B65 64207768 79206469 64206865 
2077616E 7420746F 20636C69 6D622069 
742E2048 65207361 69642C20 22426563 
61757365 20697420 69732074 68657265 
2E220A0A 57656C6C 2C207370 61636520 
69732074 68657265 2C20616E 64207765 
27726520 676F696E 6720746F 20636C69 
6D622069 742C2061 6E642074 6865206D 
6F6F6E20 616E6420 74686520 706C616E 
65747320 61726520 74686572 652C2061 
6E64206E 65772068 6F706573 20666F72 
206B6E6F 776C6564 67652061 6E642070 
65616365 20617265 20746865 72652E20 
416E642C 20746865 7265666F 72652C20 
61732077 65207365 74207361 696C2077 
65206173 6B20476F 64277320 626C6573 
73696E67 206F6E20 74686520 6D6F7374 
2068617A 6172646F 75732061 6E642064 
616E6765 726F7573 20616E64 20677265 
61746573 74206164 76656E74 75726520 
6F6E2077 68696368 206D616E 20686173 
20657665 7220656D 6261726B 65642E0A 
0A546861 6E6B2079 6F752E0A 2D4A464B 


Testing AES128 CTR&&: SUCCESS!
Encryption Time&&: 3144 microseconds
Decryption Time&&: 4347 microseconds